[06-May-2025 07:35:37 Europe/Berlin] Form submission received: Array
(
    [name] => Kashish Singh
    [email] => singhkashish364@gmail.com
    [phone] => 8707773540
    [course] => B.tech
    [message] => v
)

[06-May-2025 07:35:37 Europe/Berlin] SQL Query: INSERT INTO leads (name, email, phone, course, message, created_at) 
            VALUES ('Kashish Singh', 'singhkashish364@gmail.com', '8707773540', 'B.tech', 'v', NOW())
[06-May-2025 07:44:34 Europe/Berlin] Form submission received: Array
(
    [name] => Madhav Arora
    [phone] => 9877275894
    [email] => madhavarora132005@gmail.com
    [course] => Computer Science
    [message] => yfdrdtr
)

[06-May-2025 07:44:34 Europe/Berlin] PHP Fatal error:  Uncaught Error: Call to undefined method mysqli_stmt::debugDumpParams() in C:\xampp\htdocs\CTPS_LAND\CTPS_LANDING-_PAGE\backend\process_registration.php:47
Stack trace:
#0 {main}
  thrown in C:\xampp\htdocs\CTPS_LAND\CTPS_LANDING-_PAGE\backend\process_registration.php on line 47
[06-May-2025 09:14:56 Europe/Berlin] Form submission received: Array
(
    [name] => madhav
    [phone] => 1234567890
    [email] => madhavarora132005@gmail.com
    [course] => Commerce
    [message] => vyyhvyh bhgcg
)

[06-May-2025 09:14:56 Europe/Berlin] Created database ctps_landing
[06-May-2025 09:14:56 Europe/Berlin] Created leads table successfully
[06-May-2025 09:14:56 Europe/Berlin] SQL Query: INSERT INTO leads with data: name=madhav, email=madhavarora132005@gmail.com, phone=1234567890, course=Commerce
[06-May-2025 10:24:12 Europe/Berlin] Form submission received: Array
(
    [name] => Madhav Arora
    [phone] => 9877275894
    [email] => aroradiksha341@gmail.com
    [course] => Arts
    [message] => fyrstyu
)

[06-May-2025 10:24:12 Europe/Berlin] SQL Query: INSERT INTO leads with data: name=Madhav Arora, email=aroradiksha341@gmail.com, phone=9877275894, course=Arts
[06-May-2025 10:24:12 Europe/Berlin] Record inserted successfully with ID: 2
[06-May-2025 10:24:12 Europe/Berlin] Verified: Record exists in database with ID: 2
<<<<<<< HEAD
[06-May-2025 12:01:42 Europe/Berlin] Form submission received: Array
(
    [name] => Kashish Singh
    [phone] => 8707773540
    [email] => singhkashish364@gmail.com
    [course] => Commerce
    [message] => hgfcxgh
)

[06-May-2025 12:01:42 Europe/Berlin] SQL Query: INSERT INTO leads with data: name=Kashish Singh, email=singhkashish364@gmail.com, phone=8707773540, course=Commerce
[06-May-2025 12:01:42 Europe/Berlin] Record inserted successfully with ID: 3
[06-May-2025 12:01:42 Europe/Berlin] Verified: Record exists in database with ID: 3
[07-May-2025 06:52:28 Europe/Berlin] Form submission received: Array
(
    [name] => gvghvgh
    [phone] => 8707773540
    [email] => admin@ctechx.com
    [course] => Science
    [message] => ghghv g 
)

[07-May-2025 06:52:28 Europe/Berlin] SQL Query: INSERT INTO leads with data: name=gvghvgh, email=admin@ctechx.com, phone=8707773540, course=Science
[07-May-2025 06:52:28 Europe/Berlin] Record inserted successfully with ID: 4
[07-May-2025 06:52:28 Europe/Berlin] Verified: Record exists in database with ID: 4
=======
[07-May-2025 06:49:17 Europe/Berlin] Form submission received: Array
(
    [name] => kashish
    [phone] => 8707773540
    [email] => kashish.2201656@stu.ctgroup.in
    [course] => Science
    [message] => xdcvbnm
)

>>>>>>> 9c8567eea07688f2fc39b9d381896dce5dde66fd
[12-May-2025 08:47:36 Europe/Berlin] Form submission received: Array
(
    [name] => kashish
    [phone] => 8707773540
    [email] => kashish.2201656@stu.ctgroup.in
    [course] => Science
    [message] => hmghcghv
)

[12-May-2025 08:47:36 Europe/Berlin] Form submission received: Array
(
    [name] => kashish
    [phone] => 8707773540
    [email] => kashish.2201656@stu.ctgroup.in
    [course] => Science
    [message] => hmghcghv
)

[12-May-2025 08:48:43 Europe/Berlin] Form submission received: Array
(
    [name] => kashish
    [phone] => 8707773540
    [email] => kashish.2201656@stu.ctgroup.in
    [course] => Science
    [message] => hmghcghv
)

[12-May-2025 08:48:43 Europe/Berlin] Form submission received: Array
(
    [name] => kashish
    [phone] => 8707773540
    [email] => kashish.2201656@stu.ctgroup.in
    [course] => Science
    [message] => hmghcghv
)

[12-May-2025 10:10:01 Europe/Berlin] Form submission received: Array
(
    [name] => kashish
    [phone] => 8707773540
    [email] => kashish.2201656@stu.ctgroup.in
    [course] => 10th
    [message] => sdfghbnm,
)

[12-May-2025 10:10:01 Europe/Berlin] Form submission received: Array
(
    [name] => kashish
    [phone] => 8707773540
    [email] => kashish.2201656@stu.ctgroup.in
    [course] => 10th
    [message] => sdfghbnm,
)

